
> frontend@0.0.0 build
> vite build

[36mvite v8.0.1 [32mbuilding client environment for production...[36m[39m
[2K
transforming...âœ“ 139 modules transformed.
rendering chunks...
computing gzip size...
dist/index.html                   0.77 kB â”‚ gzip:   0.42 kB
dist/assets/index-DakOt4PL.css   41.74 kB â”‚ gzip:   8.89 kB
dist/assets/index-C8oDT20l.js   547.18 kB â”‚ gzip: 178.33 kB

[32mâœ“ built in 1.33s[39m
node.exe : [33m[plugin builtin:vite-reporter] 
At C:\Program Files\nodejs\npm.ps1:29 char:3
+   & $NODE_EXE $NPM_CLI_JS $args
+   ~~~~~~~~~~~~~~~~~~~~~~~~~~~~~
    + CategoryInfo          : NotSpecified: ([ 
   33m[plugin builtin:vite-reporter] :String)   
  [], RemoteException
    + FullyQualifiedErrorId : NativeCommandErro 
   r
 
(!) Some chunks are larger than 500 kB after 
minification. Consider:
- Using dynamic import() to code-split the 
application
- Use 
build.rolldownOptions.output.codeSplitting to 
improve chunking: https://rolldown.rs/reference/
OutputOptions.codeSplitting
- Adjust chunk size limit for this warning via 
build.chunkSizeWarningLimit.[39m
